Microsoft Windows [Version 10.0.19045.5131]
(c) Microsoft Corporation. All rights reserved.

C:\Users\Administrator\Documents\578>git init
Initialized empty Git repository in C:/Users/Administrator/Documents/578/.git/

C:\Users\Administrator\Documents\578>git add .

C:\Users\Administrator\Documents\578>git status
On branch master

No commits yet

Changes to be committed:
  (use "git rm --cached <file>..." to unstage)
        new file:   test5.py


C:\Users\Administrator\Documents\578>git push
fatal: No configured push destination.
Either specify the URL from the command-line or configure a remote repository using

    git remote add <name> <url>

and then push using the remote name

    git push <name>


C:\Users\Administrator\Documents\578>git commit -m "karthik"
[master (root-commit) 84eb490] karthik
 1 file changed, 5 insertions(+)
 create mode 100644 test5.py

C:\Users\Administrator\Documents\578>git remote add origin https://github.com/Gopi454545/test5.git

C:\Users\Administrator\Documents\578>git push master
fatal: 'master' does not appear to be a git repository
fatal: Could not read from remote repository.

Please make sure you have the correct access rights
and the repository exists.

C:\Users\Administrator\Documents\578>git branch -M main

C:\Users\Administrator\Documents\578>git push -u origin main
Enumerating objects: 3, done.
Counting objects: 100% (3/3), done.
Delta compression using up to 4 threads
Compressing objects: 100% (2/2), done.
Writing objects: 100% (3/3), 289 bytes | 144.00 KiB/s, done.
Total 3 (delta 0), reused 0 (delta 0), pack-reused 0
To https://github.com/Gopi454545/test5.git
 * [new branch]      main -> main
branch 'main' set up to track 'origin/main'.

C:\Users\Administrator\Documents\578>








Microsoft Windows [Version 10.0.19045.5131]
(c) Microsoft Corporation. All rights reserved.

C:\Users\Administrator\Documents\578>git init
Initialized empty Git repository in C:/Users/Administrator/Documents/578/.git/

C:\Users\Administrator\Documents\578>git add .

C:\Users\Administrator\Documents\578>git status
On branch master

No commits yet

Changes to be committed:
  (use "git rm --cached <file>..." to unstage)
        new file:   test5.py


C:\Users\Administrator\Documents\578>git push
fatal: No configured push destination.
Either specify the URL from the command-line or configure a remote repository using

    git remote add <name> <url>

and then push using the remote name

    git push <name>


C:\Users\Administrator\Documents\578>git commit -m "karthik"
[master (root-commit) 84eb490] karthik
 1 file changed, 5 insertions(+)
 create mode 100644 test5.py

C:\Users\Administrator\Documents\578>git remote add origin https://github.com/Gopi454545/test5.git

C:\Users\Administrator\Documents\578>git push master
fatal: 'master' does not appear to be a git repository
fatal: Could not read from remote repository.

Please make sure you have the correct access rights
and the repository exists.

C:\Users\Administrator\Documents\578>git branch -M main

C:\Users\Administrator\Documents\578>git push -u origin main
Enumerating objects: 3, done.
Counting objects: 100% (3/3), done.
Delta compression using up to 4 threads
Compressing objects: 100% (2/2), done.
Writing objects: 100% (3/3), 289 bytes | 144.00 KiB/s, done.
Total 3 (delta 0), reused 0 (delta 0), pack-reused 0
To https://github.com/Gopi454545/test5.git
 * [new branch]      main -> main
branch 'main' set up to track 'origin/main'.

C:\Users\Administrator\Documents\578>





































Microsoft Windows [Version 10.0.19045.5131]
(c) Microsoft Corporation. All rights reserved.

C:\Users\Administrator\Documents\578>git init
Initialized empty Git repository in C:/Users/Administrator/Documents/578/.git/

C:\Users\Administrator\Documents\578>git add .

C:\Users\Administrator\Documents\578>git status
On branch master

No commits yet

Changes to be committed:
  (use "git rm --cached <file>..." to unstage)
        new file:   test5.py


C:\Users\Administrator\Documents\578>git push
fatal: No configured push destination.
Either specify the URL from the command-line or configure a remote repository using

    git remote add <name> <url>

and then push using the remote name

    git push <name>


C:\Users\Administrator\Documents\578>git commit -m "karthik"
[master (root-commit) 84eb490] karthik
 1 file changed, 5 insertions(+)
 create mode 100644 test5.py

C:\Users\Administrator\Documents\578>git remote add origin https://github.com/Gopi454545/test5.git

C:\Users\Administrator\Documents\578>git push master
fatal: 'master' does not appear to be a git repository
fatal: Could not read from remote repository.

Please make sure you have the correct access rights
and the repository exists.

C:\Users\Administrator\Documents\578>git branch -M main

C:\Users\Administrator\Documents\578>git push -u origin main
Enumerating objects: 3, done.
Counting objects: 100% (3/3), done.
Delta compression using up to 4 threads
Compressing objects: 100% (2/2), done.
Writing objects: 100% (3/3), 289 bytes | 144.00 KiB/s, done.
Total 3 (delta 0), reused 0 (delta 0), pack-reused 0
To https://github.com/Gopi454545/test5.git
 * [new branch]      main -> main
branch 'main' set up to track 'origin/main'.

C:\Users\Administrator\Documents\578>




























